// Jest Snapshot v1, https://goo.gl/fbAQLP

exports[`TypesOfFostering snapshot should render correctly 1`] = `
Array [
  <h1>
    Your fostering journey
  </h1>,
  <h2>
    Tell us about your interest in fostering
  </h2>,
  <form
    onSubmit={[Function]}
  >
    <fieldset
      className=""
    >
      <p>
        Tick the types of fostering you're interested in
      </p>
      <div
        className="input-checkbox-container"
        role="group"
      >
        <input
          checked={false}
          disabled={undefined}
          id="short-term"
          name="typesOfFostering"
          onChange={[Function]}
          type="checkbox"
          value="shortTerm"
        />
        <label
          htmlFor="short-term"
        >
          Short-term
        </label>
      </div>
      <div
        className="input-checkbox-container"
        role="group"
      >
        <input
          checked={false}
          disabled={undefined}
          id="long-term"
          name="typesOfFostering"
          onChange={[Function]}
          type="checkbox"
          value="longTerm"
        />
        <label
          htmlFor="long-term"
        >
          Long-term
        </label>
      </div>
      <div
        className="input-checkbox-container"
        role="group"
      >
        <input
          checked={false}
          disabled={undefined}
          id="respite-care"
          name="typesOfFostering"
          onChange={[Function]}
          type="checkbox"
          value="respite"
        />
        <label
          htmlFor="respite-care"
        >
          Respite care
        </label>
      </div>
      <div
        className="input-checkbox-container"
        role="group"
      >
        <input
          checked={false}
          disabled={undefined}
          id="children-with-disabilities"
          name="typesOfFostering"
          onChange={[Function]}
          type="checkbox"
          value="childrenWithDisability"
        />
        <label
          htmlFor="children-with-disabilities"
        >
          Children with disabilities
        </label>
      </div>
      <div
        className="input-checkbox-container"
        role="group"
      >
        <input
          checked={false}
          disabled={undefined}
          id="short-breaks"
          name="typesOfFostering"
          onChange={[Function]}
          type="checkbox"
          value="shortBreaks"
        />
        <label
          htmlFor="short-breaks"
        >
          Short breaks
        </label>
      </div>
      <div
        className="input-checkbox-container"
        role="group"
      >
        <input
          checked={false}
          disabled={undefined}
          id="unsure"
          name="typesOfFostering"
          onChange={[Function]}
          type="checkbox"
          value="unsure"
        />
        <label
          htmlFor="unsure"
        >
          Unsure
        </label>
      </div>
    </fieldset>
    <button
      className="button-primary"
      disabled={false}
      id={undefined}
      onClick={undefined}
      type="submit"
    >
      Save and next step
    </button>
    <p>
      <a
        href="#"
        onClick={[Function]}
      >
        Back
      </a>
    </p>
    <button
      className="button-inverted left-chevron"
      disabled={false}
      id={undefined}
      onClick={[Function]}
      type="submit"
    >
      Save and go back to fostering area
    </button>
  </form>,
]
`;
