// Jest Snapshot v1, https://goo.gl/fbAQLP

exports[`HaveYouPreviouslyApplied snapshot renders correctly 1`] = `
Array [
  <h1>
    Your fostering journey
  </h1>,
  <h2>
    Your fostering history
  </h2>,
  <p
    className="h3"
  >
    first name
     
    last name
  </p>,
  <form
    onSubmit={[Function]}
  >
    <h3
      className="no-margin-bottom"
    >
      Have you previously applied to foster, childmind or adopt?
    </h3>
    <fieldset>
      <legend
        className="sr-only"
      >
        Have you previously applied to foster, childmind or adopt?
      </legend>
      <div
        className="input-radio-container"
      >
        <input
          checked={true}
          disabled={undefined}
          id="have-you-previously-applied-yes"
          name="previouslyApplied"
          onChange={[Function]}
          type="radio"
          value="true"
        />
        <label
          htmlFor="have-you-previously-applied-yes"
        >
          Yes
        </label>
      </div>
      <div
        className="input-radio-container"
      >
        <input
          checked={false}
          disabled={undefined}
          id="have-you-previously-applied-no"
          name="previouslyApplied"
          onChange={[Function]}
          type="radio"
          value="false"
        />
        <label
          htmlFor="have-you-previously-applied-no"
        >
          No
        </label>
      </div>
    </fieldset>
    <button
      className="button-primary"
      disabled={false}
      id={undefined}
      onClick={undefined}
      type="submit"
    >
      Next step
    </button>
    <p>
      <a
        href="#"
        onClick={[Function]}
      >
        Previous
      </a>
    </p>
  </form>,
]
`;
