// Jest Snapshot v1, https://goo.gl/fbAQLP

exports[`PeopleInYourHousehold snapshot renders correctly 1`] = `
Array [
  <h1>
    Your fostering journey
  </h1>,
  <h2>
    Your household
  </h2>,
  <h3>
    Tell us who lives in your home
  </h3>,
  <form
    onSubmit={[Function]}
  >
    <label
      className="optional"
      htmlFor="firstName"
    >
      First name
    </label>
    <input
      aria-label={undefined}
      aria-live={undefined}
      className=""
      id="firstName"
      inputMode={undefined}
      maxLength={60}
      min={undefined}
      name="firstName"
      onChange={[Function]}
      onKeyDown={[Function]}
      pattern={undefined}
      type="text"
      value="test"
    />
    <label
      className="optional"
      htmlFor="lastName"
    >
      Last name
    </label>
    <input
      aria-label={undefined}
      aria-live={undefined}
      className=""
      id="lastName"
      inputMode={undefined}
      maxLength={60}
      min={undefined}
      name="lastName"
      onChange={[Function]}
      onKeyDown={[Function]}
      pattern={undefined}
      type="text"
      value={undefined}
    />
    <label
      className="optional"
      htmlFor="gender"
    >
      Gender
    </label>
    <input
      aria-label={undefined}
      aria-live={undefined}
      className=""
      id="gender"
      inputMode={undefined}
      maxLength={60}
      min={undefined}
      name="gender"
      onChange={[Function]}
      onKeyDown={[Function]}
      pattern={undefined}
      type="text"
      value={undefined}
    />
    <label
      className="optional"
      htmlFor="relationshipToYou"
    >
      Relationship to you
    </label>
    <input
      aria-label={undefined}
      aria-live={undefined}
      className=""
      id="relationshipToYou"
      inputMode={undefined}
      maxLength={60}
      min={undefined}
      name="relationshipToYou"
      onChange={[Function]}
      onKeyDown={[Function]}
      pattern={undefined}
      type="text"
      value={undefined}
    />
    <h3
      className="optional no-margin-bottom"
    >
      Date of birth
    </h3>
    <fieldset
      className="input-memorable-date"
    >
      <p>
        For example, 31 3 1980
      </p>
      <div>
        <label>
          Day
        </label>
        <input
          aria-label="day"
          className=""
          name="day"
          onChange={[Function]}
          onKeyDown={[Function]}
          type="number"
          value="20"
        />
      </div>
      <div>
        <label>
          Month
        </label>
        <input
          aria-label="month"
          className=""
          name="month"
          onChange={[Function]}
          onKeyDown={[Function]}
          type="number"
          value="2"
        />
      </div>
      <div>
        <label>
          Year
        </label>
        <input
          aria-label="year"
          className=""
          name="year"
          onChange={[Function]}
          onKeyDown={[Function]}
          type="number"
          value="2016"
        />
      </div>
    </fieldset>
    <a
      className="anchor-with-icon"
      href="#"
      onClick={[Function]}
    >
       
      <i
        className="fa fa-plus-square fa-lg"
      />
      Add another person
    </a>
    <button
      className="button-primary"
      disabled={false}
      id={undefined}
      onClick={undefined}
      type="submit"
    >
      Next step
    </button>
  </form>,
  <p>
    <a
      href="#"
      onClick={[Function]}
    >
      Previous
    </a>
  </p>,
]
`;
