// Jest Snapshot v1, https://goo.gl/fbAQLP

exports[`AboutUnderSixteens snapshot renders correctly 1`] = `
Array [
  <h1>
    Your fostering journey
  </h1>,
  <h2>
    Children living away from your home
  </h2>,
  <h3>
    ap first name
     
    ap last name
  </h3>,
  <h3>
    Tell us about your children under 16 living away from your home
  </h3>,
  <form
    onSubmit={[Function]}
  >
    <label
      className="optional"
      htmlFor="firstName"
    >
      First name
    </label>
    <input
      aria-label=""
      aria-live=""
      className=""
      id="firstName"
      inputMode={undefined}
      maxLength={60}
      min={undefined}
      name="firstName"
      onChange={[Function]}
      onKeyDown={[Function]}
      pattern={undefined}
      type="text"
      value={
        Object {
          "isValid": true,
          "value": "first name",
        }
      }
    />
    <label
      className="optional"
      htmlFor="lastName"
    >
      Last name
    </label>
    <input
      aria-label=""
      aria-live=""
      className=""
      id="lastName"
      inputMode={undefined}
      maxLength={60}
      min={undefined}
      name="lastName"
      onChange={[Function]}
      onKeyDown={[Function]}
      pattern={undefined}
      type="text"
      value={
        Object {
          "isValid": true,
          "value": "last name",
        }
      }
    />
    <label
      className="optional"
      htmlFor="gender"
    >
      Gender
    </label>
    <input
      aria-label=""
      aria-live=""
      className=""
      id="gender"
      inputMode={undefined}
      maxLength={60}
      min={undefined}
      name="gender"
      onChange={[Function]}
      onKeyDown={[Function]}
      pattern={undefined}
      type="text"
      value={
        Object {
          "isValid": true,
          "value": "gender",
        }
      }
    />
    <h3
      className="optional no-margin-bottom"
    >
      Date of birth
    </h3>
    <fieldset
      className="input-memorable-date"
    >
      <p>
        The child must be under 16
      </p>
      <p>
        For example, 31 3 2010
      </p>
      <div>
        <label>
          Day
        </label>
        <input
          aria-label="day"
          className=""
          name="day"
          onChange={[Function]}
          onKeyDown={[Function]}
          type="number"
          value=""
        />
      </div>
      <div>
        <label>
          Month
        </label>
        <input
          aria-label="month"
          className=""
          name="month"
          onChange={[Function]}
          onKeyDown={[Function]}
          type="number"
          value=""
        />
      </div>
      <div>
        <label>
          Year
        </label>
        <input
          aria-label="year"
          className=""
          name="year"
          onChange={[Function]}
          onKeyDown={[Function]}
          type="number"
          value=""
        />
      </div>
    </fieldset>
    <label
      className=""
      htmlFor="addressLine1"
    >
      Address line 1
    </label>
    <input
      aria-label="Address line 1"
      aria-live="off"
      className=""
      id="addressLine1"
      inputMode={undefined}
      maxLength={60}
      min={undefined}
      name="addressLine1"
      onChange={[Function]}
      onKeyDown={[Function]}
      pattern={undefined}
      type="text"
      value="Line 1"
    />
    <label
      className="optional"
      htmlFor="addressLine2"
    >
      Address line 2
    </label>
    <input
      aria-label=""
      aria-live=""
      className=""
      id="addressLine2"
      inputMode={undefined}
      maxLength={60}
      min={undefined}
      name="addressLine2"
      onChange={[Function]}
      onKeyDown={[Function]}
      pattern={undefined}
      type="text"
      value="Line 2"
    />
    <label
      className=""
      htmlFor="town"
    >
      Town
    </label>
    <input
      aria-label="Town"
      aria-live="off"
      className=""
      id="town"
      inputMode={undefined}
      maxLength={60}
      min={undefined}
      name="town"
      onChange={[Function]}
      onKeyDown={[Function]}
      pattern={undefined}
      type="text"
      value="Stockport"
    />
    <label
      className=""
      htmlFor="postcode"
    >
      Postcode
    </label>
    <input
      aria-label="Postcode"
      aria-live="off"
      className=""
      id="postcode"
      inputMode={undefined}
      maxLength={60}
      min={undefined}
      name="postcode"
      onChange={[Function]}
      onKeyDown={[Function]}
      pattern={undefined}
      type="text"
      value="SK1 3XE"
    />
    <a
      className="anchor-with-icon"
      href="#"
      onClick={[Function]}
    >
       
      <i
        className="fa fa-plus-square fa-lg"
      />
      Add another person
    </a>
    <button
      className="button-primary"
      disabled={false}
      id={undefined}
      onClick={undefined}
      type="submit"
    >
      Save and next step
    </button>
    <p>
      <a
        href="#"
        onClick={[Function]}
      >
        Previous
      </a>
    </p>
    <button
      className="button-inverted left-chevron"
      disabled={false}
      id={undefined}
      onClick={[Function]}
      type="submit"
    >
      Save and go back to fostering area
    </button>
  </form>,
]
`;
