// Jest Snapshot v1, https://goo.gl/fbAQLP

exports[`MoreAboutYou snapshot renders correctly 1`] = `
Array [
  <h1>
    Your fostering journey
  </h1>,
  <h2>
    More about you
  </h2>,
  <p
    className="h3"
  >
    first name
     
    last name
  </p>,
  <form
    onSubmit={[Function]}
  >
    <fieldset>
      <label
        className=""
        htmlFor="placeOfBirth"
      >
        Country of birth
      </label>
      <span
        className="sr-only"
        role="combobox"
      >
        
      </span>
      <select
        aria-live="off"
        id="placeOfBirth"
        name="placeOfBirth"
        onChange={[Function]}
        value="a place"
      >
        <option
          disabled={false}
          value=""
        >
          Select a country...
        </option>
      </select>
    </fieldset>
    <fieldset>
      <label
        className=""
        htmlFor="nationality"
      >
        Nationality
      </label>
      <span
        className="sr-only"
        role="combobox"
      >
        
      </span>
      <select
        aria-live="off"
        id="nationality"
        name="nationality"
        onChange={[Function]}
        value="a place"
      >
        <option
          disabled={false}
          value=""
        >
          Select a nationality...
        </option>
      </select>
    </fieldset>
    <fieldset>
      <label
        className=""
        htmlFor="ethnicity"
      >
        Ethnicity
      </label>
      <span
        className="sr-only"
        role="combobox"
      >
        
      </span>
      <select
        aria-live="off"
        id="ethnicity"
        name="ethnicity"
        onChange={[Function]}
        value="a place"
      >
        <option
          disabled={false}
          value=""
        >
          Select an ethnicity...
        </option>
      </select>
    </fieldset>
    <label
      className="optional"
      htmlFor="gender"
    >
      Gender
    </label>
    <input
      aria-label=""
      aria-live=""
      className=""
      id="gender"
      inputMode={undefined}
      maxLength={60}
      min={undefined}
      name="gender"
      onChange={[Function]}
      onKeyDown={[Function]}
      pattern={undefined}
      type="text"
      value="a place"
    />
    <label
      className="optional"
      htmlFor="religion"
    >
      Religion or faith group
    </label>
    <input
      aria-label=""
      aria-live=""
      className=""
      id="religion"
      inputMode={undefined}
      maxLength={60}
      min={undefined}
      name="religion"
      onChange={[Function]}
      onKeyDown={[Function]}
      pattern={undefined}
      type="text"
      value="a place"
    />
    <button
      className="button-primary"
      disabled={false}
      id={undefined}
      onClick={undefined}
      type="submit"
    >
      Next step
    </button>
    <p>
      <a
        href="#"
        onClick={[Function]}
      >
        Previous
      </a>
    </p>
  </form>,
]
`;
